Bool true
Bool true
Bool false
Bool true
Int -25
Int 18
Bool false
Bool false
Int 1432
Int -1
Int 22